// Jest Snapshot v1, https://goo.gl/fbAQLP

exports[`AdjacencyMatrix should render 1`] = `
<div
  className="macierzSasiedztwa"
>
  <table>
    <tr>
      <td />
      <td
        style={
          Object {
            "textAlign": "center",
          }
        }
      >
        0
      </td>
      <td
        style={
          Object {
            "textAlign": "center",
          }
        }
      >
        1
      </td>
    </tr>
    <tr
      key="0"
    >
      <td
        className="pr-2"
      >
        0
      </td>
      <td>
        <Input
          className="form-control"
          key="0"
          maxlength={2}
          onChange={[Function]}
          placeholder={0}
          style={
            Object {
              "width": "50px",
            }
          }
          type="text"
          value={1}
        />
      </td>
      <td>
        <Input
          className="form-control"
          key="1"
          maxlength={2}
          onChange={[Function]}
          placeholder={0}
          style={
            Object {
              "width": "50px",
            }
          }
          type="text"
          value={2}
        />
      </td>
    </tr>
    <tr
      key="1"
    >
      <td
        className="pr-2"
      >
        1
      </td>
      <td>
        <Input
          className="form-control"
          key="0"
          maxlength={2}
          onChange={[Function]}
          placeholder={0}
          style={
            Object {
              "width": "50px",
            }
          }
          type="text"
          value={3}
        />
      </td>
      <td>
        <Input
          className="form-control"
          key="1"
          maxlength={2}
          onChange={[Function]}
          placeholder={0}
          style={
            Object {
              "width": "50px",
            }
          }
          type="text"
          value={4}
        />
      </td>
    </tr>
  </table>
</div>
`;
